src/components/ui/Modal.tsx(7,1): error TS6133: 'cn' is declared but its value is never read.
src/pages/History.tsx(122,65): error TS6133: 'i' is declared but its value is never read.
src/services/ai.ts(20,22): error TS6133: 'notes' is declared but its value is never read.
