src/pages/Landing.tsx(507,9): error TS1005: ')' expected.
src/pages/Landing.tsx(509,7): error TS1128: Declaration or statement expected.
src/pages/Landing.tsx(512,16): error TS1005: ';' expected.
src/pages/Landing.tsx(514,14): error TS1005: ';' expected.
src/pages/Landing.tsx(514,164): error TS1109: Expression expected.
src/pages/Landing.tsx(581,7): error TS1128: Declaration or statement expected.
src/pages/Landing.tsx(584,15): error TS1005: ';' expected.
src/pages/Landing.tsx(644,7): error TS1128: Declaration or statement expected.
src/pages/Landing.tsx(661,5): error TS1128: Declaration or statement expected.
src/pages/Landing.tsx(662,3): error TS1109: Expression expected.
src/pages/Landing.tsx(663,1): error TS1128: Declaration or statement expected.
